outfile: .tmp_treePL.dated.tre
setting the maximum number of threads to 8
setting optad: 0
setting opt: 1
cvstart: 1000
cv number of full iterations: 3
set thorough: true (MAY TAKE A WHILE)
finished reading config file
using system clock for random number seed = 1772659257
tiny branch length at internal node. setting to 0.0001
setting 031b75ae8be2d5701d5c113b42fa8b4e min: 351.68655
setting 1129645d928b141cb75a1835f53afed5 min: 596.39
setting 11a4a5e355d6b93d0ec9526fdae0d645 min: 442.44
setting 14c73dfb3f6b8d3d244e8c16854a28f2 min: 99.898815
setting 29a6150114f22615d86d3c2c7798625b min: 462.4
setting 2a90e9f7d1eacef5d44ce6a6f695bc2d min: 1350.7161
setting 2f963f600c0b9b864dc3c780c85f3c55 min: 917.96574
setting 3001510bfcd389c2f7f9abb6f47fdfba min: 334.441
setting 39e5d377fcdb8e111b92bc72304978ba min: 235
setting 3d3af59bbcd189674b881a4ccc94ee6b min: 279.8315
setting 3decb4fe2d8ed34a601cd71637b0fb9a min: 502.682
setting 42bf91ec05f4ff1ec28a66103492271c min: 318.95
setting 4b69d130259a3f6988be9a9d53ec265f min: 68.600001
setting 52b69bede2192991de4113126174aced min: 1118.6005
setting 54dc7b7d8cb6fc0ec57e711863bff3ed min: 533.61077
setting 62fd9dfd5346b004885996c6aa0322fd min: 6.400001
setting 77cfb9eb0793f7931ec2d5110cf1d424 min: 87.200001
setting 9b9baa785fb7f2321dc341645965368a min: 240.84
setting 9f941e69c23dc5834a417804f7f94306 min: 88.2295
setting a10f3b53712eee41e01542338b96117b min: 487.28196
setting b0c8b779fddbefbde5359f1c64fb5b3c min: 73.754921
setting c46fa60ae302423644403f66af60d345 min: 571.19114
setting cae1d465f9ddf50fef90757730539431 min: 967.328
setting d43ff4128cbc2d4ab5e0a1f297817f51 min: 320.57
setting d53377e605a19fe252aac399a2e238dc min: 90.839661
setting dc9d3f24022b42bc51c5bbc4a8ac2121 min: 632.1353
setting dd51cf8d4dde657bfdb9e2cab7379e2f min: 28.820001
setting ded629c7d23b34bfbeedf9e52810d91b min: 42.900001
setting e4fef44c0f5e54a7cc97fb55cc3c66c4 min: 1537.2418
setting ea1a5018163703026e4e60f0c5dd4a6d min: 563.38999
setting f30260aa8d1882d6db739ee696fabf3a min: 185.8265
setting f58019221139feee005c4fd7feb193fd min: 543
setting f99e9072b326d814b300a6dc4229c92d min: 440
setting fb05fda690cb503085cdf0ec45f48590 min: 642.03
setting 031b75ae8be2d5701d5c113b42fa8b4e max: 351.68655
setting 1129645d928b141cb75a1835f53afed5 max: 596.39
setting 11a4a5e355d6b93d0ec9526fdae0d645 max: 442.44
setting 14c73dfb3f6b8d3d244e8c16854a28f2 max: 99.898815
setting 29a6150114f22615d86d3c2c7798625b max: 462.4
setting 2a90e9f7d1eacef5d44ce6a6f695bc2d max: 1350.7161
setting 2f963f600c0b9b864dc3c780c85f3c55 max: 917.96574
setting 3001510bfcd389c2f7f9abb6f47fdfba max: 334.441
setting 39e5d377fcdb8e111b92bc72304978ba max: 235
setting 3d3af59bbcd189674b881a4ccc94ee6b max: 279.8315
setting 3decb4fe2d8ed34a601cd71637b0fb9a max: 502.682
setting 42bf91ec05f4ff1ec28a66103492271c max: 318.95
setting 4b69d130259a3f6988be9a9d53ec265f max: 68.600001
setting 52b69bede2192991de4113126174aced max: 1118.6005
setting 54dc7b7d8cb6fc0ec57e711863bff3ed max: 533.61077
setting 62fd9dfd5346b004885996c6aa0322fd max: 6.400001
setting 77cfb9eb0793f7931ec2d5110cf1d424 max: 87.200001
setting 9b9baa785fb7f2321dc341645965368a max: 240.84
setting 9f941e69c23dc5834a417804f7f94306 max: 88.2295
setting a10f3b53712eee41e01542338b96117b max: 487.28196
setting b0c8b779fddbefbde5359f1c64fb5b3c max: 73.754921
setting c46fa60ae302423644403f66af60d345 max: 571.19114
setting cae1d465f9ddf50fef90757730539431 max: 967.328
setting d43ff4128cbc2d4ab5e0a1f297817f51 max: 320.57
setting d53377e605a19fe252aac399a2e238dc max: 90.839661
setting dc9d3f24022b42bc51c5bbc4a8ac2121 max: 632.1353
setting dd51cf8d4dde657bfdb9e2cab7379e2f max: 28.820001
setting ded629c7d23b34bfbeedf9e52810d91b max: 42.900001
setting e4fef44c0f5e54a7cc97fb55cc3c66c4 max: 1537.2418
setting ea1a5018163703026e4e60f0c5dd4a6d max: 563.38999
setting f30260aa8d1882d6db739ee696fabf3a max: 185.8265
setting f58019221139feee005c4fd7feb193fd max: 543
setting f99e9072b326d814b300a6dc4229c92d max: 440
setting fb05fda690cb503085cdf0ec45f48590 max: 642.03
preorder prep
calculating character durations
setting min and max
setting up all constraints
getting feasible start dates
start rate 0.16090412
numparams:31
initial calc: 5.7881593e+08
LF SIM
exit siman: 73180871
setting NLOPT: LD_LBFGS 
result: 5
after opt calc1: 12294693
nfeval: 11 rc: User requested end of minimization
after opt calc2: 12252216
LF SIM
exit siman: 6218020.9
setting NLOPT: LD_LBFGS 
result: 5
after opt calc1: 6209455
nfeval: 121 rc: Linear search failed
after opt calc2: 6199203
LF SIM
exit siman: 6196010
setting NLOPT: LD_LBFGS 
result: 3
after opt calc1: 6195779.4
nfeval: 66 rc: Linear search failed
after opt calc2: 6195779.4
LF SIM
exit siman: 6195776.5
setting NLOPT: LD_LBFGS 
result: 3
after opt calc1: 6195775.5
nfeval: 159 rc: Linear search failed
after opt calc2: 6195772.2
LF SIM
exit siman: 6195771
setting NLOPT: LD_LBFGS 
result: 3
after opt calc1: 6195770.5
nfeval: 66 rc: Linear search failed
after opt calc2: 6195770.5
LF SIM
exit siman: 6195770.4
setting NLOPT: LD_LBFGS 
result: 3
after opt calc1: 6195770.3
nfeval: 66 rc: Linear search failed
after opt calc2: 6195770.3
LF SIM
exit siman: 6195770.3
setting NLOPT: LD_LBFGS 
result: 3
after opt calc1: 6195770
nfeval: 66 rc: Linear search failed
after opt calc2: 6195770
LF SIM
exit siman: 6195769.9
setting NLOPT: LD_LBFGS 
result: 3
after opt calc1: 6195769.4
nfeval: 66 rc: Linear search failed
after opt calc2: 6195769.4
LF SIM
exit siman: 6195769.4
setting NLOPT: LD_LBFGS 
result: 3
after opt calc1: 6195769.4
nfeval: 66 rc: Linear search failed
after opt calc2: 6195769.4
LF SIM
exit siman: 6195769.4
setting NLOPT: LD_LBFGS 
result: 3
after opt calc1: 6195769.4
nfeval: 66 rc: Linear search failed
after opt calc2: 6195769.4
LF SIM
exit siman: 6195769.4
setting NLOPT: LD_LBFGS 
result: 3
after opt calc1: 6195769.4
nfeval: 66 rc: Linear search failed
after opt calc2: 6195769.4
LF SIM
exit siman: 6195769.4
setting NLOPT: LD_LBFGS 
result: 3
after opt calc1: 6195769.4
nfeval: 66 rc: Linear search failed
after opt calc2: 6195769.4
LF SIM
exit siman: 6195769.3
setting NLOPT: LD_LBFGS 
result: 3
after opt calc1: 6195769.3
nfeval: 66 rc: Linear search failed
after opt calc2: 6195769.3
LF SIM
exit siman: 6195769.3
setting NLOPT: LD_LBFGS 
result: 3
after opt calc1: 6195769.3
nfeval: 66 rc: Linear search failed
after opt calc2: 6195769.3
LF SIM
exit siman: 6195769.3
setting NLOPT: LD_LBFGS 
result: 3
after opt calc1: 6195769.3
nfeval: 66 rc: Linear search failed
after opt calc2: 6195769.3
LF SIM
exit siman: 6195769.3
setting NLOPT: LD_LBFGS 
result: 3
after opt calc1: 6195769.3
nfeval: 66 rc: Linear search failed
after opt calc2: 6195769.3
LF SIM
exit siman: 6195769.3
setting NLOPT: LD_LBFGS 
result: 3
after opt calc1: 6195769.3
nfeval: 66 rc: Linear search failed
after opt calc2: 6195769.3
LF SIM
exit siman: 6195769.3
setting NLOPT: LD_LBFGS 
result: 3
after opt calc1: 6195769.3
nfeval: 66 rc: Linear search failed
after opt calc2: 6195769.3
LF SIM
exit siman: 6195769.3
setting NLOPT: LD_LBFGS 
result: 3
after opt calc1: 6195769.3
nfeval: 66 rc: Linear search failed
after opt calc2: 6195769.3
LF SIM
exit siman: 6195769.3
setting NLOPT: LD_LBFGS 
result: 3
after opt calc1: 6195769.3
nfeval: 66 rc: Linear search failed
after opt calc2: 6195769.3
LF SIM
exit siman: 6195769.3
setting NLOPT: LD_LBFGS 
result: 3
after opt calc1: 6195769.3
nfeval: 66 rc: Linear search failed
after opt calc2: 6195769.3
LF SIM
exit siman: 6195769.3
setting NLOPT: LD_LBFGS 
result: 3
after opt calc1: 6195769.3
nfeval: 66 rc: Linear search failed
after opt calc2: 6195769.3
LF SIM
exit siman: 6195769.3
setting NLOPT: LD_LBFGS 
result: 3
after opt calc1: 6195769.3
nfeval: 126 rc: Linear search failed
after opt calc2: 6195769.2
LF SIM
exit siman: 6195769.1
setting NLOPT: LD_LBFGS 
result: 3
after opt calc1: 6195769.1
nfeval: 109 rc: Linear search failed
after opt calc2: 6195769.1
LF SIM
exit siman: 6195769.1
setting NLOPT: LD_LBFGS 
result: 3
after opt calc1: 6195769.1
nfeval: 63 rc: Linear search failed
after opt calc2: 6195769.1
exited lf converged :1
lf calc: 6195769.1
numparams:158
smoothing:100
6195769.1
exit siman: 6192749.3
setting NLOPT: LD_LBFGS 
result: 5
after opt calc1: 6185759.2
nfeval: 86 rc: Linear search failed
after opt calc2: 6184501.3
exit siman: 6182182
setting NLOPT: LD_LBFGS 
result: 5
after opt calc1: 6173004.9
nfeval: 186 rc: Linear search failed
after opt calc2: 6170970.3
exit siman: 6169569
setting NLOPT: LD_LBFGS 
result: -1
after opt calc1: 6168441.7
nfeval: 174 rc: Linear search failed
after opt calc2: 6167401.3
exit siman: 6167103.9
setting NLOPT: LD_LBFGS 
result: -1
after opt calc1: 6166497.6
nfeval: 181 rc: Linear search failed
after opt calc2: 6166219.3
exit siman: 6166080.7
setting NLOPT: LD_LBFGS 
result: -1
after opt calc1: 6165561.5
nfeval: 130 rc: Linear search failed
after opt calc2: 6165475
exit siman: 6165337.4
setting NLOPT: LD_LBFGS 
result: -1
after opt calc1: 6164881.2
nfeval: 76 rc: Linear search failed
after opt calc2: 6164759
exit siman: 6164691.2
setting NLOPT: LD_LBFGS 
result: -1
after opt calc1: 6164327.3
nfeval: 129 rc: Linear search failed
after opt calc2: 6164174.7
exit siman: 6164073.2
setting NLOPT: LD_LBFGS 
result: -1
after opt calc1: 6162841.4
nfeval: 146 rc: Linear search failed
after opt calc2: 6162647.6
exit siman: 6162376.2
setting NLOPT: LD_LBFGS 
result: -1
after opt calc1: 6161545
nfeval: 80 rc: Linear search failed
after opt calc2: 6161314.1
exit siman: 6161116.4
setting NLOPT: LD_LBFGS 
result: -1
after opt calc1: 6159758.2
nfeval: 188 rc: Linear search failed
after opt calc2: 6150416.8
exit siman: 6145731.2
setting NLOPT: LD_LBFGS 
result: -1
after opt calc1: 6144428.5
nfeval: 201 rc: Linear search failed
after opt calc2: 6143501.2
exit siman: 6143459.2
setting NLOPT: LD_LBFGS 
result: -1
after opt calc1: 6143006.2
nfeval: 97 rc: Linear search failed
after opt calc2: 6142922.9
exit siman: 6142865.5
setting NLOPT: LD_LBFGS 
result: -1
after opt calc1: 6142288.3
nfeval: 82 rc: Linear search failed
after opt calc2: 6142191.2
exit siman: 6142162.8
setting NLOPT: LD_LBFGS 
result: -1
after opt calc1: 6141087.8
nfeval: 77 rc: Linear search failed
after opt calc2: 6141057.8
exit siman: 6141026.4
setting NLOPT: LD_LBFGS 
result: 3
after opt calc1: 6128953.7
nfeval: 80 rc: Linear search failed
after opt calc2: 6128953.7
exit siman: 6128953.7
setting NLOPT: LD_LBFGS 
result: 3
after opt calc1: 6128953.7
nfeval: 84 rc: Linear search failed
after opt calc2: 6128953.7
exit siman: 6128953.7
setting NLOPT: LD_LBFGS 
result: 3
after opt calc1: 6128953.7
nfeval: 84 rc: Linear search failed
after opt calc2: 6128953.7
after opt calc: 6128953.7
